################################################################################
#                                                                              #
#      IAR Universal Linker V6.5.1.95                                          #
#                                                                              #
#           Link time     =  19/Mar/2023  13:36:43                             #
#           Target CPU    =  MSP430                                            #
#           List file     =  C:\Users\sacht\Desktop\Github\Job\Job_3\Debug\Lis #
#                            t\2_Channel_Uart_MSP430.map                       #
#           Output file 1 =  C:\Users\sacht\Desktop\Github\Job\Job_3\Debug\Exe #
#                            \2_Channel_Uart_MSP430.hex                        #
#                            Format: ubrof10                                   #
#                            UBROF version 10.0.6                              #
#                            Using library modules for C-SPY (-rt)             #
#           Command line  =  -f C:\Users\sacht\AppData\Local\Temp\EW9AA4.tmp   #
#                            (C:\Users\sacht\Desktop\Github\Job\Job_3\Debug\Ob #
#                            j\main.r43                                        #
#                            -o                                                #
#                            C:\Users\sacht\Desktop\Github\Job\Job_3\Debug\Exe #
#                            \2_Channel_Uart_MSP430.hex                        #
#                            -l                                                #
#                            C:\Users\sacht\Desktop\Github\Job\Job_3\Debug\Lis #
#                            t\2_Channel_Uart_MSP430.map                       #
#                            -xms                                              #
#                            "-IC:\Program Files (x86)\IAR Systems\Embedded Wo #
#                            rkbench 8.0\430\LIB\"                             #
#                            -f                                                #
#                            "C:\Program Files (x86)\IAR Systems\Embedded Work #
#                            bench 8.0\430\config\linker\lnk430fr6989.xcl"     #
#                            (-cmsp430 -QCODE_I=CODE_ID -QTLS16_I=TLS16_ID     #
#                            -D__iar_HWMUL=4C0 -Z(CONST)INFO=1800-19FF         #
#                            -Z(CONST)INFOA=1980-19FF                          #
#                            -Z(CONST)INFOB=1900-197F                          #
#                            -Z(CONST)INFOC=1880-18FF                          #
#                            -Z(CONST)INFOD=1800-187F                          #
#                            -Z(DATA)TINYRAM=0006-001F                         #
#                            -Z(DATA)DATA16_I,DATA16_Z,DATA16_N,TLS16_I=1C00-2 #
#                            3FF                                               #
#                            -Z(DATA)CODE_I                                    #
#                            -Z(DATA)DATA20_I,DATA20_Z,DATA20_N                #
#                            -Z(DATA)CSTACK+_STACK_SIZE#                       #
#                            -Z(CONST)DATA16_P,DATA20_P=4400-FF7F              #
#                            -Z(DATA)DATA16_HEAP+_DATA16_HEAP_SIZE             #
#                            -Z(DATA)DATA20_HEAP+_DATA20_HEAP_SIZE             #
#                            -Z(CONST)MPU_B1 -Z(CONST)IPE_B1=4400-FF7F         #
#                            -Z(DATA)IPEDATA16_N -Z(CODE)IPECODE16             #
#                            -Z(CONST)IPEDATA16_C,IPE_B2 -Z(CONST)MPU_B2       #
#                            -Z(CONST)DATA16_C,DATA16_ID,TLS16_ID,DIFUNCT,CHEC #
#                            KSUM=4400-FF7F                                    #
#                            -Z(CODE)CSTART,ISR_CODE,CODE16=4400-FF7F          #
#                            -P(CODE)CODE=4400-FF7F,10000-23FFF                #
#                            -Z(CODE)CODE_PAD                                  #
#                            -Z(CONST)DATA20_C,DATA20_ID,CODE_ID=4400-FF7F,100 #
#                            40-23FFF                                          #
#                            -Z(CONST)SIGNATURE=FF80-FF8F                      #
#                            -Z(CONST)JTAGSIGNATURE=FF80-FF83                  #
#                            -Z(CONST)BSLSIGNATURE=FF84-FF87                   #
#                            -Z(CONST)IPESIGNATURE=FF88-FF8F                   #
#                            -Z(CODE)INTVEC=FF90-FFFF                          #
#                            -Z(CODE)RESET=FFFE-FFFF) -f                       #
#                            "C:\Program Files (x86)\IAR Systems\Embedded Work #
#                            bench 8.0\430\config\linker\multiplier32.xcl"     #
#                            (-e?Mul8Hw=?Mul8 -e?Mul16Hw=?Mul16                #
#                            -e?Mul16to32uHw=?Mul16to32u                       #
#                            -e?Mul16to32sHw=?Mul16to32s -e?Mul32Hw32=?Mul32   #
#                            -e?Mul64Hw32=_Mul64i                              #
#                            -e?Mul32u32uto64iHw32=_Mul32u32uto64i             #
#                            -e?Mul32fHw32=_Mul32f                             #
#                            -e_Mul64fHw32Ptr=_Mul64fPtr) -D_STACK_SIZE=A0     #
#                            -rt                                               #
#                            "C:\Program Files (x86)\IAR Systems\Embedded Work #
#                            bench 8.0\430\lib\dlib\dl430xlsfn.r43"            #
#                            -e_PrintfLarge=_Printf -e_ScanfLarge=_Scanf       #
#                            -D_DATA16_HEAP_SIZE=A0 -s __program_start         #
#                            -D_DATA20_HEAP_SIZE=50)                           #
#                                                                              #
#                           Copyright (C) 1987-2016 IAR Systems AB.            #
################################################################################





                ****************************************
                *                                      *
                *           CROSS REFERENCE            *
                *                                      *
                ****************************************

       Program entry at :           441C  Relocatable, from module : ?cstart




                ****************************************
                *                                      *
                *            RUNTIME MODEL             *
                *                                      *
                ****************************************

  __Heap_Handler             = Basic
  __SystemLibrary            = DLib
  __code_model               = large
  __core                     = 430X
  __data_model               = small
  __dlib_file_descriptor     = 0
  __dlib_full_locale_support = 0
  __double_size              = 32
  __pic                      = no
  __reg_r4                   = free
  __reg_r5                   = free
  __rt_version               = 3

                ****************************************
                *                                      *
                *    AUTOMATIC SYMBOL REDIRECTIONS     *
                *                                      *
                ****************************************

                  There are no automatic symbol redirections.



                ****************************************
                *                                      *
                *              MODULE MAP              *
                *                                      *
                ****************************************


  DEFINED ABSOLUTE ENTRIES
    *************************************************************************

  DEFINED ABSOLUTE ENTRIES
  PROGRAM MODULE, NAME : ?ABS_ENTRY_MOD

Absolute parts
           ENTRY                   ADDRESS         REF BY
           =====                   =======         ======
           _DATA20_HEAP_SIZE       0050 
           _DATA16_HEAP_SIZE       00A0 
           _STACK_SIZE             00A0 
           __iar_HWMUL             04C0 
    *************************************************************************

  FILE NAME : C:\Users\sacht\Desktop\Github\Job\Job_3\Debug\Obj\main.r43
  PROGRAM MODULE, NAME : main

  SEGMENTS IN THE MODULE
  ======================
DATA16_AN
  Relative segment, address: 0160 - 0161 (0x2 bytes), align: 0
  Segment part 1. ROOT        Intra module refs:   XT1_Init
           ENTRY                   ADDRESS         REF BY
           =====                   =======         ======
           _A_CSCTL0_L             0160 
           LOCAL                   ADDRESS         
           =====                   =======         
           CSCTL0                  0160 
           CSCTL0_H                0161 
           CSCTL0_L                0160 
    -------------------------------------------------------------------------
DATA16_AN
  Relative segment, address: 0162 - 0163 (0x2 bytes), align: 0
  Segment part 2. ROOT        Intra module refs:   XT1_Init
           ENTRY                   ADDRESS         REF BY
           =====                   =======         ======
           _A_CSCTL1_L             0162 
           LOCAL                   ADDRESS         
           =====                   =======         
           CSCTL1                  0162 
           CSCTL1_H                0163 
           CSCTL1_L                0162 
    -------------------------------------------------------------------------
DATA16_AN
  Relative segment, address: 0164 - 0165 (0x2 bytes), align: 0
  Segment part 3. ROOT        Intra module refs:   XT1_Init
           ENTRY                   ADDRESS         REF BY
           =====                   =======         ======
           _A_CSCTL2_L             0164 
           LOCAL                   ADDRESS         
           =====                   =======         
           CSCTL2                  0164 
           CSCTL2_H                0165 
           CSCTL2_L                0164 
    -------------------------------------------------------------------------
DATA16_AN
  Relative segment, address: 0166 - 0167 (0x2 bytes), align: 0
  Segment part 4. ROOT        Intra module refs:   XT1_Init
           ENTRY                   ADDRESS         REF BY
           =====                   =======         ======
           _A_CSCTL3_L             0166 
           LOCAL                   ADDRESS         
           =====                   =======         
           CSCTL3                  0166 
           CSCTL3_H                0167 
           CSCTL3_L                0166 
    -------------------------------------------------------------------------
DATA16_AN
  Relative segment, address: 0168 - 0169 (0x2 bytes), align: 0
  Segment part 5. ROOT        Intra module refs:   XT1_Init
           ENTRY                   ADDRESS         REF BY
           =====                   =======         ======
           _A_CSCTL4_L             0168 
           LOCAL                   ADDRESS         
           =====                   =======         
           CSCTL4                  0168 
           CSCTL4_H                0169 
           CSCTL4_L                0168 
    -------------------------------------------------------------------------
DATA16_AN
  Relative segment, address: 016A - 016B (0x2 bytes), align: 0
  Segment part 6. ROOT        Intra module refs:   XT1_Init
           ENTRY                   ADDRESS         REF BY
           =====                   =======         ======
           _A_CSCTL5_L             016A 
           LOCAL                   ADDRESS         
           =====                   =======         
           CSCTL5                  016A 
           CSCTL5_H                016B 
           CSCTL5_L                016A 
    -------------------------------------------------------------------------
DATA16_AN
  Relative segment, address: 0130 - 0131 (0x2 bytes), align: 0
  Segment part 7. ROOT        Intra module refs:   io_Init
           ENTRY                   ADDRESS         REF BY
           =====                   =======         ======
           _A_PM5CTL0_L            0130 
           LOCAL                   ADDRESS         
           =====                   =======         
           PM5CTL0                 0130 
           PM5CTL0_H               0131 
           PM5CTL0_L               0130 
    -------------------------------------------------------------------------
DATA16_AN
  Relative segment, address: 0202 - 0203 (0x2 bytes), align: 0
  Segment part 8. ROOT        Intra module refs:   USCI_A0_ISR
                                                   io_Init
           ENTRY                   ADDRESS         REF BY
           =====                   =======         ======
           _A_PAOUT_L              0202 
           LOCAL                   ADDRESS         
           =====                   =======         
           PAOUT                   0202 
           PAOUT_H                 0203 
           PAOUT_L                 0202 
    -------------------------------------------------------------------------
DATA16_AN
  Relative segment, address: 0204 - 0205 (0x2 bytes), align: 0
  Segment part 9. ROOT        Intra module refs:   io_Init
           ENTRY                   ADDRESS         REF BY
           =====                   =======         ======
           _A_PADIR_L              0204 
           LOCAL                   ADDRESS         
           =====                   =======         
           PADIR                   0204 
           PADIR_H                 0205 
           PADIR_L                 0204 
    -------------------------------------------------------------------------
DATA16_AN
  Relative segment, address: 020A - 020B (0x2 bytes), align: 0
  Segment part 10. ROOT       Intra module refs:   io_Init
           ENTRY                   ADDRESS         REF BY
           =====                   =======         ======
           _A_PASEL0_L             020A 
           LOCAL                   ADDRESS         
           =====                   =======         
           PASEL0                  020A 
           PASEL0_H                020B 
           PASEL0_L                020A 
    -------------------------------------------------------------------------
DATA16_AN
  Relative segment, address: 020C - 020D (0x2 bytes), align: 0
  Segment part 11. ROOT       Intra module refs:   io_Init
           ENTRY                   ADDRESS         REF BY
           =====                   =======         ======
           _A_PASEL1_L             020C 
           LOCAL                   ADDRESS         
           =====                   =======         
           PASEL1                  020C 
           PASEL1_H                020D 
           PASEL1_L                020C 
    -------------------------------------------------------------------------
DATA16_AN
  Relative segment, address: 022A - 022B (0x2 bytes), align: 0
  Segment part 12. ROOT       Intra module refs:   io_Init
           ENTRY                   ADDRESS         REF BY
           =====                   =======         ======
           _A_PBSEL0_L             022A 
           LOCAL                   ADDRESS         
           =====                   =======         
           PBSEL0                  022A 
           PBSEL0_H                022B 
           PBSEL0_L                022A 
    -------------------------------------------------------------------------
DATA16_AN
  Relative segment, address: 022C - 022D (0x2 bytes), align: 0
  Segment part 13. ROOT       Intra module refs:   io_Init
           ENTRY                   ADDRESS         REF BY
           =====                   =======         ======
           _A_PBSEL1_L             022C 
           LOCAL                   ADDRESS         
           =====                   =======         
           PBSEL1                  022C 
           PBSEL1_H                022D 
           PBSEL1_L                022C 
    -------------------------------------------------------------------------
DATA16_AN
  Relative segment, address: 0282 - 0283 (0x2 bytes), align: 0
  Segment part 14. ROOT       Intra module refs:   USCI_A1_ISR
                                                   io_Init
           ENTRY                   ADDRESS         REF BY
           =====                   =======         ======
           _A_PEOUT_L              0282 
           LOCAL                   ADDRESS         
           =====                   =======         
           PEOUT                   0282 
           PEOUT_H                 0283 
           PEOUT_L                 0282 
    -------------------------------------------------------------------------
DATA16_AN
  Relative segment, address: 0284 - 0285 (0x2 bytes), align: 0
  Segment part 15. ROOT       Intra module refs:   io_Init
           ENTRY                   ADDRESS         REF BY
           =====                   =======         ======
           _A_PEDIR_L              0284 
           LOCAL                   ADDRESS         
           =====                   =======         
           PEDIR                   0284 
           PEDIR_H                 0285 
           PEDIR_L                 0284 
    -------------------------------------------------------------------------
DATA16_AN
  Relative segment, address: 032A - 032B (0x2 bytes), align: 0
  Segment part 16. ROOT       Intra module refs:   io_Init
           ENTRY                   ADDRESS         REF BY
           =====                   =======         ======
           _A_PJSEL0_L             032A 
           LOCAL                   ADDRESS         
           =====                   =======         
           PJSEL0                  032A 
           PJSEL0_H                032B 
           PJSEL0_L                032A 
    -------------------------------------------------------------------------
DATA16_AN
  Relative segment, address: 0102 - 0103 (0x2 bytes), align: 0
  Segment part 17. ROOT       Intra module refs:   XT1_Init
           ENTRY                   ADDRESS         REF BY
           =====                   =======         ======
           _A_SFRIFG1_L            0102 
           LOCAL                   ADDRESS         
           =====                   =======         
           SFRIFG1                 0102 
           SFRIFG1_H               0103 
           SFRIFG1_L               0102 
    -------------------------------------------------------------------------
DATA16_AN
  Relative segment, address: 05C0 - 05C1 (0x2 bytes), align: 0
  Segment part 18. ROOT       Intra module refs:   uart1_Init
           ENTRY                   ADDRESS         REF BY
           =====                   =======         ======
           _A_UCA0CTLW0_L          05C0 
           LOCAL                   ADDRESS         
           =====                   =======         
           UCA0CTLW0               05C0 
           UCA0CTLW0_H             05C1 
           UCA0CTLW0_L             05C0 
    -------------------------------------------------------------------------
DATA16_AN
  Relative segment, address: 05C6 - 05C7 (0x2 bytes), align: 0
  Segment part 19. ROOT       Intra module refs:   uart1_Init
           ENTRY                   ADDRESS         REF BY
           =====                   =======         ======
           _A_UCA0BRW_L            05C6 
           LOCAL                   ADDRESS         
           =====                   =======         
           UCA0BRW                 05C6 
           UCA0BRW_H               05C7 
           UCA0BRW_L               05C6 
    -------------------------------------------------------------------------
DATA16_AN
  Relative segment, address: 05C8 - 05C9 (0x2 bytes), align: 0
  Segment part 20. ROOT       Intra module refs:   uart1_Init
           ENTRY                   ADDRESS         REF BY
           =====                   =======         ======
           _A_UCA0MCTLW_L          05C8 
           LOCAL                   ADDRESS         
           =====                   =======         
           UCA0MCTLW               05C8 
           UCA0MCTLW_H             05C9 
           UCA0MCTLW_L             05C8 
    -------------------------------------------------------------------------
DATA16_AN
  Relative segment, address: 05CC - 05CD (0x2 bytes), align: 0
  Segment part 21. ROOT       Intra module refs:   USCI_A0_ISR
           ENTRY                   ADDRESS         REF BY
           =====                   =======         ======
           _A_UCA0RXBUF_L          05CC 
           LOCAL                   ADDRESS         
           =====                   =======         
           UCA0RXBUF               05CC 
           UCA0RXBUF_H             05CD 
           UCA0RXBUF_L             05CC 
    -------------------------------------------------------------------------
DATA16_AN
  Relative segment, address: 05CE - 05CF (0x2 bytes), align: 0
  Segment part 22. ROOT       Intra module refs:   sendChr_1
           ENTRY                   ADDRESS         REF BY
           =====                   =======         ======
           _A_UCA0TXBUF_L          05CE 
           LOCAL                   ADDRESS         
           =====                   =======         
           UCA0TXBUF               05CE 
           UCA0TXBUF_H             05CF 
           UCA0TXBUF_L             05CE 
    -------------------------------------------------------------------------
DATA16_AN
  Relative segment, address: 05DA - 05DB (0x2 bytes), align: 0
  Segment part 23. ROOT       Intra module refs:   uart1_Init
           ENTRY                   ADDRESS         REF BY
           =====                   =======         ======
           _A_UCA0IE_L             05DA 
           LOCAL                   ADDRESS         
           =====                   =======         
           UCA0IE                  05DA 
           UCA0IE_H                05DB 
           UCA0IE_L                05DA 
    -------------------------------------------------------------------------
DATA16_AN
  Relative segment, address: 05DC - 05DD (0x2 bytes), align: 0
  Segment part 24. ROOT       Intra module refs:   USCI_A0_ISR
                                                   sendChr_1
           ENTRY                   ADDRESS         REF BY
           =====                   =======         ======
           _A_UCA0IFG_L            05DC 
           LOCAL                   ADDRESS         
           =====                   =======         
           UCA0IFG                 05DC 
           UCA0IFG_H               05DD 
           UCA0IFG_L               05DC 
    -------------------------------------------------------------------------
DATA16_AN
  Relative segment, address: 05E0 - 05E1 (0x2 bytes), align: 0
  Segment part 25. ROOT       Intra module refs:   uart2_Init
           ENTRY                   ADDRESS         REF BY
           =====                   =======         ======
           _A_UCA1CTLW0_L          05E0 
           LOCAL                   ADDRESS         
           =====                   =======         
           UCA1CTLW0               05E0 
           UCA1CTLW0_H             05E1 
           UCA1CTLW0_L             05E0 
    -------------------------------------------------------------------------
DATA16_AN
  Relative segment, address: 05E6 - 05E7 (0x2 bytes), align: 0
  Segment part 26. ROOT       Intra module refs:   uart2_Init
           ENTRY                   ADDRESS         REF BY
           =====                   =======         ======
           _A_UCA1BRW_L            05E6 
           LOCAL                   ADDRESS         
           =====                   =======         
           UCA1BRW                 05E6 
           UCA1BRW_H               05E7 
           UCA1BRW_L               05E6 
    -------------------------------------------------------------------------
DATA16_AN
  Relative segment, address: 05E8 - 05E9 (0x2 bytes), align: 0
  Segment part 27. ROOT       Intra module refs:   uart2_Init
           ENTRY                   ADDRESS         REF BY
           =====                   =======         ======
           _A_UCA1MCTLW_L          05E8 
           LOCAL                   ADDRESS         
           =====                   =======         
           UCA1MCTLW               05E8 
           UCA1MCTLW_H             05E9 
           UCA1MCTLW_L             05E8 
    -------------------------------------------------------------------------
DATA16_AN
  Relative segment, address: 05EC - 05ED (0x2 bytes), align: 0
  Segment part 28. ROOT       Intra module refs:   USCI_A1_ISR
           ENTRY                   ADDRESS         REF BY
           =====                   =======         ======
           _A_UCA1RXBUF_L          05EC 
           LOCAL                   ADDRESS         
           =====                   =======         
           UCA1RXBUF               05EC 
           UCA1RXBUF_H             05ED 
           UCA1RXBUF_L             05EC 
    -------------------------------------------------------------------------
DATA16_AN
  Relative segment, address: 05EE - 05EF (0x2 bytes), align: 0
  Segment part 29. ROOT       Intra module refs:   sendChr_2
           ENTRY                   ADDRESS         REF BY
           =====                   =======         ======
           _A_UCA1TXBUF_L          05EE 
           LOCAL                   ADDRESS         
           =====                   =======         
           UCA1TXBUF               05EE 
           UCA1TXBUF_H             05EF 
           UCA1TXBUF_L             05EE 
    -------------------------------------------------------------------------
DATA16_AN
  Relative segment, address: 05FA - 05FB (0x2 bytes), align: 0
  Segment part 30. ROOT       Intra module refs:   uart2_Init
           ENTRY                   ADDRESS         REF BY
           =====                   =======         ======
           _A_UCA1IE_L             05FA 
           LOCAL                   ADDRESS         
           =====                   =======         
           UCA1IE                  05FA 
           UCA1IE_H                05FB 
           UCA1IE_L                05FA 
    -------------------------------------------------------------------------
DATA16_AN
  Relative segment, address: 05FC - 05FD (0x2 bytes), align: 0
  Segment part 31. ROOT       Intra module refs:   USCI_A1_ISR
                                                   sendChr_2
           ENTRY                   ADDRESS         REF BY
           =====                   =======         ======
           _A_UCA1IFG_L            05FC 
           LOCAL                   ADDRESS         
           =====                   =======         
           UCA1IFG                 05FC 
           UCA1IFG_H               05FD 
           UCA1IFG_L               05FC 
    -------------------------------------------------------------------------
DATA16_AN
  Relative segment, address: 015C - 015D (0x2 bytes), align: 0
  Segment part 32. ROOT       Intra module refs:   main
           ENTRY                   ADDRESS         REF BY
           =====                   =======         ======
           _A_WDTCTL_L             015C 
           LOCAL                   ADDRESS         
           =====                   =======         
           WDTCTL                  015C 
           WDTCTL_H                015D 
           WDTCTL_L                015C 
    -------------------------------------------------------------------------
DATA16_Z
  Relative segment, address: 1C02 - 1C02 (0x1 bytes), align: 0
  Segment part 38.            Intra module refs:   USCI_A0_ISR
           ENTRY                   ADDRESS         REF BY
           =====                   =======         ======
           RXData_1                1C02 
    -------------------------------------------------------------------------
DATA16_I
  Relative segment, address: 1C00 - 1C00 (0x1 bytes), align: 0
  Segment part 39.            Intra module refs:   USCI_A0_ISR
                                                   main
           ENTRY                   ADDRESS         REF BY
           =====                   =======         ======
           TXData_1                1C00 
    -------------------------------------------------------------------------
DATA16_Z
  Relative segment, address: 1C03 - 1C03 (0x1 bytes), align: 0
  Segment part 41.            Intra module refs:   USCI_A1_ISR
           ENTRY                   ADDRESS         REF BY
           =====                   =======         ======
           RXData_2                1C03 
    -------------------------------------------------------------------------
DATA16_I
  Relative segment, address: 1C01 - 1C01 (0x1 bytes), align: 0
  Segment part 42.            Intra module refs:   USCI_A1_ISR
                                                   main
           ENTRY                   ADDRESS         REF BY
           =====                   =======         ======
           TXData_2                1C01 
    -------------------------------------------------------------------------
<CODE> 1 (was CODE)
  Relative segment, address: 449A - 44D9 (0x40 bytes), align: 1
  Segment part 52.
           ENTRY                   ADDRESS         REF BY
           =====                   =======         ======
           main                    449A            Segment part 27 (?cstart)
               calls direct
    -------------------------------------------------------------------------
<CODE> 1 (was CODE)
  Relative segment, address: 44DA - 450F (0x36 bytes), align: 1
  Segment part 51.            Intra module refs:   main
           ENTRY                   ADDRESS         REF BY
           =====                   =======         ======
           io_Init                 44DA 
    -------------------------------------------------------------------------
<CODE> 1 (was CODE)
  Relative segment, address: 4510 - 453B (0x2c bytes), align: 1
  Segment part 50.            Intra module refs:   main
           ENTRY                   ADDRESS         REF BY
           =====                   =======         ======
           XT1_Init                4510 
    -------------------------------------------------------------------------
<CODE> 1 (was CODE)
  Relative segment, address: 4560 - 4583 (0x24 bytes), align: 1
  Segment part 49.            Intra module refs:   main
           ENTRY                   ADDRESS         REF BY
           =====                   =======         ======
           uart1_Init              4560 
    -------------------------------------------------------------------------
<CODE> 1 (was CODE)
  Relative segment, address: 453C - 455F (0x24 bytes), align: 1
  Segment part 47.            Intra module refs:   main
           ENTRY                   ADDRESS         REF BY
           =====                   =======         ======
           uart2_Init              453C 
    -------------------------------------------------------------------------
<CODE> 1 (was CODE)
  Relative segment, address: 45EA - 45F7 (0xe bytes), align: 1
  Segment part 45.            Intra module refs:   SendStr_1
                                                   main
           ENTRY                   ADDRESS         REF BY
           =====                   =======         ======
           sendChr_1               45EA 
    -------------------------------------------------------------------------
<CODE> 1 (was CODE)
  Relative segment, address: 45F8 - 4605 (0xe bytes), align: 1
  Segment part 44.            Intra module refs:   SendStr_2
                                                   main
           ENTRY                   ADDRESS         REF BY
           =====                   =======         ======
           sendChr_2               45F8 
    -------------------------------------------------------------------------
<CODE> 1 (was CODE)
  Relative segment, address: 459C - 45B3 (0x18 bytes), align: 1
  Segment part 48.            Intra module refs:   main
           ENTRY                   ADDRESS         REF BY
           =====                   =======         ======
           SendStr_1               459C 
               calls direct
    -------------------------------------------------------------------------
<CODE> 1 (was CODE)
  Relative segment, address: 4584 - 459B (0x18 bytes), align: 1
  Segment part 46.            Intra module refs:   main
           ENTRY                   ADDRESS         REF BY
           =====                   =======         ======
           SendStr_2               4584 
               calls direct
    -------------------------------------------------------------------------
ISR_CODE
  Relative segment, address: 4444 - 446D (0x2a bytes), align: 1
  Segment part 53.            Intra module refs:   USCI_A0_ISR::??INTVEC 94
           ENTRY                   ADDRESS         REF BY
           =====                   =======         ======
           USCI_A0_ISR             4444 
               interrupt function
    -------------------------------------------------------------------------
ISR_CODE
  Relative segment, address: 446E - 4499 (0x2c bytes), align: 1
  Segment part 54.            Intra module refs:   USCI_A1_ISR::??INTVEC 84
           ENTRY                   ADDRESS         REF BY
           =====                   =======         ======
           USCI_A1_ISR             446E 
               interrupt function
    -------------------------------------------------------------------------
INTVEC
  Common segment, address: FF90 - FFE5 (0x56 bytes), align: 1
  Segment part 33. ROOT 
           ENTRY                   ADDRESS         REF BY
           =====                   =======         ======
           USCI_A1_ISR::??INTVEC 84
                                   FFE4 
    -------------------------------------------------------------------------
INTVEC
  Common segment, address: FF90 - FFEF (0x60 bytes), align: 1
  Segment part 34. ROOT 
           ENTRY                   ADDRESS         REF BY
           =====                   =======         ======
           USCI_A0_ISR::??INTVEC 94
                                   FFEE 
    -------------------------------------------------------------------------
DATA16_ID
  Relative segment, address: 441A - 441A (0x1 bytes), align: 0
  Segment part 40.            Intra module refs:   TXData_1
    -------------------------------------------------------------------------
DATA16_ID
  Relative segment, address: 441B - 441B (0x1 bytes), align: 0
  Segment part 43.            Intra module refs:   TXData_2
    -------------------------------------------------------------------------
DATA16_C
  Relative segment, address: 4400 - 440C (0xd bytes), align: 0
  Segment part 36.            Intra module refs:   main
    -------------------------------------------------------------------------
DATA16_C
  Relative segment, address: 440D - 4419 (0xd bytes), align: 0
  Segment part 37.            Intra module refs:   main

    *************************************************************************

  FILE NAME : C:\Program Files (x86)\IAR Systems\Embedded Workbench 8.0\430\lib\dlib\dl430xlsfn.r43
  LIBRARY MODULE, NAME : ?__dbg_break

  SEGMENTS IN THE MODULE
  ======================
<CODE> 1 (was CODE)
  Relative segment, address: 4612 - 4613 (0x2 bytes), align: 1
  Segment part 2.
           ENTRY                   ADDRESS         REF BY
           =====                   =======         ======
           __DebugBreak            4612            __exit (?__exit)

    -------------------------------------------------------------------------
  LIBRARY MODULE, NAME : ?__exit

  SEGMENTS IN THE MODULE
  ======================
<CODE> 1 (was CODE)
  Relative segment, address: 45B4 - 45C7 (0x14 bytes), align: 1
  Segment part 2.
           ENTRY                   ADDRESS         REF BY
           =====                   =======         ======
           __exit                  45B4            Segment part 6 (?_exit)
                                                   _exit (?_exit)
               calls direct

    -------------------------------------------------------------------------
  LIBRARY MODULE, NAME : ?_exit

  SEGMENTS IN THE MODULE
  ======================
<CODE> 1 (was CODE)
  Relative segment, address: 460A, align: 1
  Segment part 0.
           ENTRY                   ADDRESS         REF BY
           =====                   =======         ======
           _exit                   460A            exit (?exit)
    -------------------------------------------------------------------------
<CODE> 1 (was CODE)
  Relative segment, address: 460A - 460D (0x4 bytes), align: 1
  Segment part 6.             Intra module refs:   _exit

    -------------------------------------------------------------------------
  LIBRARY MODULE, NAME : ?cstart

  SEGMENTS IN THE MODULE
  ======================
CSTACK
  Relative segment, address: 2360, align: 1
  Segment part 1.
    -------------------------------------------------------------------------
DATA16_Z
  Relative segment, address: 1C02, align: 1
  Segment part 2.
    -------------------------------------------------------------------------
DATA16_I
  Relative segment, address: 1C00, align: 1
  Segment part 3.
    -------------------------------------------------------------------------
DATA16_ID
  Relative segment, address: 441A, align: 1
  Segment part 4.
    -------------------------------------------------------------------------
CODE_I
  Relative segment, address: 1C04, align: 1
  Segment part 5.
    -------------------------------------------------------------------------
CODE_ID
  Relative segment, address: 4614, align: 1
  Segment part 6.
    -------------------------------------------------------------------------
DATA20_Z
  Relative segment, address: 1C04, align: 1
  Segment part 7.
    -------------------------------------------------------------------------
DATA20_I
  Relative segment, address: 1C04, align: 1
  Segment part 8.
    -------------------------------------------------------------------------
DATA20_ID
  Relative segment, address: 4614, align: 1
  Segment part 9.
    -------------------------------------------------------------------------
DATA20_C
  Relative segment, address: 4614, align: 1
  Segment part 10.
    -------------------------------------------------------------------------
DATA20_N
  Relative segment, address: 1C04, align: 1
  Segment part 12.
    -------------------------------------------------------------------------
CSTART
  Relative segment, address: 441C - 441F (0x4 bytes), align: 1
  Segment part 15.
           ENTRY                   ADDRESS         REF BY
           =====                   =======         ======
           __program_start         441C            ?reset_vector (?reset_vector)
                                                   Absolute parts (?ABS_ENTRY_MOD)
           ?cstart_begin           441C 
    -------------------------------------------------------------------------
CSTART
  Relative segment, address: 4420 - 442B (0xc bytes), align: 1
  Segment part 20.
           ENTRY                   ADDRESS         REF BY
           =====                   =======         ======
           ?cstart_init_zero       4420            RXData_1 (main)
                                                   RXData_2 (main)
    -------------------------------------------------------------------------
CSTART
  Relative segment, address: 442C - 443B (0x10 bytes), align: 1
  Segment part 21.
           ENTRY                   ADDRESS         REF BY
           =====                   =======         ======
           ?cstart_init_copy       442C            TXData_1 (main)
                                                   TXData_2 (main)
    -------------------------------------------------------------------------
CSTART
  Relative segment, address: 443C - 4443 (0x8 bytes), align: 1
  Segment part 27.            Intra module refs:   Segment part 15
           ENTRY                   ADDRESS         REF BY
           =====                   =======         ======
           ?cstart_call_main       443C 
           ?cstart_end             4444 
    -------------------------------------------------------------------------
CODE_ID
  Relative segment, address: 4614, align: 1
  Segment part 28.            Intra module refs:   Segment part 5

    -------------------------------------------------------------------------
  LIBRARY MODULE, NAME : ?reset_vector

  SEGMENTS IN THE MODULE
  ======================
RESET
  Relative segment, address: FFFE - FFFF (0x2 bytes), align: 1
  Segment part 0.
           ENTRY                   ADDRESS         REF BY
           =====                   =======         ======
           ?reset_vector           FFFE            Segment part 15 (?cstart)

    -------------------------------------------------------------------------
  LIBRARY MODULE, NAME : ?exit

  SEGMENTS IN THE MODULE
  ======================
<CODE> 1 (was CODE)
  Relative segment, address: 4606 - 4609 (0x4 bytes), align: 1
  Segment part 2.
           ENTRY                   ADDRESS         REF BY
           =====                   =======         ======
           exit                    4606            Segment part 27 (?cstart)
               calls direct

    -------------------------------------------------------------------------
  LIBRARY MODULE, NAME : ?memcpy

  SEGMENTS IN THE MODULE
  ======================
<CODE> 1 (was CODE)
  Relative segment, address: 45C8 - 45D9 (0x12 bytes), align: 1
  Segment part 2.
           ENTRY                   ADDRESS         REF BY
           =====                   =======         ======
           memcpy                  45C8            __data16_memcpy (?memzero)

    -------------------------------------------------------------------------
  LIBRARY MODULE, NAME : ?memzero

  SEGMENTS IN THE MODULE
  ======================
<CODE> 1 (was CODE)
  Relative segment, address: 45DA - 45E9 (0x10 bytes), align: 1
  Segment part 2.
           ENTRY                   ADDRESS         REF BY
           =====                   =======         ======
           __data16_memzero        45DA            ?cstart_init_zero (?cstart)
    -------------------------------------------------------------------------
<CODE> 1 (was CODE)
  Relative segment, address: 460E - 4611 (0x4 bytes), align: 1
  Segment part 3.
           ENTRY                   ADDRESS         REF BY
           =====                   =======         ======
           __data16_memcpy         460E            ?cstart_init_copy (?cstart)
               calls direct




                ****************************************
                *                                      *
                *      SEGMENTS IN ADDRESS ORDER       *
                *                                      *
                ****************************************


SEGMENT              SPACE    START ADDRESS   END ADDRESS     SIZE  TYPE  ALIGN
=======              =====    =============   ===========     ====  ====  =====
DATA16_AN                              0102 - 0103               2   rel    0
                                       0130 - 0131               2 
                                       015C - 015D               2 
                                       0160 - 016B               C 
                                       0202 - 0205               4 
                                       020A - 020D               4 
                                       022A - 022D               4 
                                       0282 - 0285               4 
                                       032A - 032B               2 
                                       05C0 - 05C1               2 
                                       05C6 - 05C9               4 
                                       05CC - 05CF               4 
                                       05DA - 05DD               4 
                                       05E0 - 05E1               2 
                                       05E6 - 05E9               4 
                                       05EC - 05EF               4 
                                       05FA - 05FD               4 
DATA16_I                               1C00 - 1C01               2   rel    1
DATA16_Z                               1C02 - 1C03               2   rel    1
DATA20_I                                  1C04                       rel    1
DATA20_Z                                  1C04                       rel    1
DATA20_N                                  1C04                       rel    1
CODE_I                                    1C04                       rel    1
CSTACK                                 2360 - 23FF              A0   rel    1
DATA16_C                               4400 - 4419              1A   rel    0
DATA16_ID                              441A - 441B               2   rel    1
CSTART                                 441C - 4443              28   rel    1
ISR_CODE                               4444 - 4499              56   rel    1
<CODE> 1                               449A - 4613             17A   rel    1
CODE_ID                                   4614                       rel    1
DATA20_ID                                 4614                       rel    1
DATA20_C                                  4614                       rel    1
INTVEC                                 FF90 - FFEF              60   com    1
RESET                                  FFFE - FFFF               2   rel    1

                ****************************************
                *                                      *
                *        END OF CROSS REFERENCE        *
                *                                      *
                ****************************************

 602 bytes of CODE  memory
 164 bytes of DATA  memory (+ 64 absolute )
  28 bytes of CONST memory

Errors: none
Warnings: none

